// Jest Snapshot v1, https://goo.gl/fbAQLP

exports[`SideMenu renders correctly 1`] = `<SideMenu />`;
