// Jest Snapshot v1, https://goo.gl/fbAQLP

exports[`renders correctly 1`] = `
Array [
  <Navbar
    toggleSideMenuHandler={[Function]}
  />,
  <div>
    Page wrapper
  </div>,
]
`;
